--------------------------------------------------------------------------------
Release 14.2 Trace  (nt64)
Copyright (c) 1995-2012 Xilinx, Inc.  All rights reserved.

C:\Xilinx\14.2\ISE_DS\ISE\bin\nt64\unwrapped\trce.exe -filter
C:/Users/HRUSHIKESH/Desktop/proj/BETA-processor-master/BETA_ISE_FILES/iseconfig/filter.filter
-intstyle ise -v 3 -s 3 -n 3 -fastpaths -xml BETA_TOP.twx BETA_TOP.ncd -o
BETA_TOP.twr BETA_TOP.pcf

Design file:              BETA_TOP.ncd
Physical constraint file: BETA_TOP.pcf
Device,package,speed:     xc6slx45,csg324,C,-3 (PRODUCTION 1.22 2012-07-09)
Report level:             verbose report

Environment Variable      Effect 
--------------------      ------ 
NONE                      No environment variables were set
--------------------------------------------------------------------------------

INFO:Timing:2698 - No timing constraints found, doing default enumeration.
INFO:Timing:3412 - To improve timing, see the Timing Closure User Guide (UG612).
INFO:Timing:2752 - To get complete path coverage, use the unconstrained paths 
   option. All paths that are not constrained will be reported in the 
   unconstrained paths section(s) of the report.
INFO:Timing:3339 - The clock-to-out numbers in this timing report are based on 
   a 50 Ohm transmission line loading model.  For the details of this model, 
   and for more information on accounting for different loading conditions, 
   please see the device datasheet.



Data Sheet report:
-----------------
All values displayed in nanoseconds (ns)

Setup/Hold to clock CLK
------------+------------+------------+------------+------------+------------------+--------+
            |Max Setup to|  Process   |Max Hold to |  Process   |                  | Clock  |
Source      | clk (edge) |   Corner   | clk (edge) |   Corner   |Internal Clock(s) | Phase  |
------------+------------+------------+------------+------------+------------------+--------+
IRQ         |   12.752(R)|      SLOW  |   -2.834(R)|      FAST  |CLK_BUFGP         |   0.000|
RESET       |   10.662(R)|      SLOW  |   -1.643(R)|      FAST  |CLK_BUFGP         |   0.000|
------------+------------+------------+------------+------------+------------------+--------+

Clock CLK to Pad
------------+-----------------+------------+-----------------+------------+------------------+--------+
            |Max (slowest) clk|  Process   |Min (fastest) clk|  Process   |                  | Clock  |
Destination |  (edge) to PAD  |   Corner   |  (edge) to PAD  |   Corner   |Internal Clock(s) | Phase  |
------------+-----------------+------------+-----------------+------------+------------------+--------+
IA<2>       |        10.275(R)|      SLOW  |         5.907(R)|      FAST  |CLK_BUFGP         |   0.000|
IA<3>       |        10.111(R)|      SLOW  |         5.812(R)|      FAST  |CLK_BUFGP         |   0.000|
IA<4>       |        10.037(R)|      SLOW  |         5.671(R)|      FAST  |CLK_BUFGP         |   0.000|
IA<5>       |         9.807(R)|      SLOW  |         5.638(R)|      FAST  |CLK_BUFGP         |   0.000|
IA<6>       |         9.765(R)|      SLOW  |         5.471(R)|      FAST  |CLK_BUFGP         |   0.000|
IA<7>       |         9.963(R)|      SLOW  |         5.583(R)|      FAST  |CLK_BUFGP         |   0.000|
IA<8>       |         9.227(R)|      SLOW  |         5.099(R)|      FAST  |CLK_BUFGP         |   0.000|
IA<9>       |         9.174(R)|      SLOW  |         5.066(R)|      FAST  |CLK_BUFGP         |   0.000|
IA<10>      |         9.416(R)|      SLOW  |         5.182(R)|      FAST  |CLK_BUFGP         |   0.000|
IA<11>      |         8.972(R)|      SLOW  |         4.953(R)|      FAST  |CLK_BUFGP         |   0.000|
IA<12>      |         8.881(R)|      SLOW  |         4.863(R)|      FAST  |CLK_BUFGP         |   0.000|
IA<13>      |         8.945(R)|      SLOW  |         4.891(R)|      FAST  |CLK_BUFGP         |   0.000|
IA<14>      |         8.644(R)|      SLOW  |         4.710(R)|      FAST  |CLK_BUFGP         |   0.000|
IA<15>      |         9.710(R)|      SLOW  |         5.401(R)|      FAST  |CLK_BUFGP         |   0.000|
IA<16>      |         8.931(R)|      SLOW  |         4.940(R)|      FAST  |CLK_BUFGP         |   0.000|
IA<17>      |         8.603(R)|      SLOW  |         4.690(R)|      FAST  |CLK_BUFGP         |   0.000|
IA<18>      |         8.747(R)|      SLOW  |         4.749(R)|      FAST  |CLK_BUFGP         |   0.000|
IA<19>      |         9.479(R)|      SLOW  |         5.216(R)|      FAST  |CLK_BUFGP         |   0.000|
IA<20>      |         8.994(R)|      SLOW  |         4.899(R)|      FAST  |CLK_BUFGP         |   0.000|
IA<21>      |         9.377(R)|      SLOW  |         5.088(R)|      FAST  |CLK_BUFGP         |   0.000|
IA<22>      |         8.688(R)|      SLOW  |         4.674(R)|      FAST  |CLK_BUFGP         |   0.000|
IA<23>      |         7.793(R)|      SLOW  |         4.149(R)|      FAST  |CLK_BUFGP         |   0.000|
IA<24>      |         8.203(R)|      SLOW  |         4.426(R)|      FAST  |CLK_BUFGP         |   0.000|
IA<25>      |         9.010(R)|      SLOW  |         4.890(R)|      FAST  |CLK_BUFGP         |   0.000|
IA<26>      |         8.811(R)|      SLOW  |         4.740(R)|      FAST  |CLK_BUFGP         |   0.000|
IA<27>      |         8.769(R)|      SLOW  |         4.769(R)|      FAST  |CLK_BUFGP         |   0.000|
IA<28>      |         8.780(R)|      SLOW  |         4.746(R)|      FAST  |CLK_BUFGP         |   0.000|
IA<29>      |         7.705(R)|      SLOW  |         4.130(R)|      FAST  |CLK_BUFGP         |   0.000|
IA<30>      |         8.264(R)|      SLOW  |         4.541(R)|      FAST  |CLK_BUFGP         |   0.000|
IA<31>      |        10.006(R)|      SLOW  |         5.692(R)|      FAST  |CLK_BUFGP         |   0.000|
ID<0>       |        13.466(R)|      SLOW  |         6.026(R)|      FAST  |CLK_BUFGP         |   0.000|
ID<1>       |        13.416(R)|      SLOW  |         5.771(R)|      FAST  |CLK_BUFGP         |   0.000|
ID<2>       |        13.005(R)|      SLOW  |         5.707(R)|      FAST  |CLK_BUFGP         |   0.000|
ID<3>       |        12.217(R)|      SLOW  |         4.636(R)|      FAST  |CLK_BUFGP         |   0.000|
ID<4>       |        11.952(R)|      SLOW  |         4.655(R)|      FAST  |CLK_BUFGP         |   0.000|
ID<5>       |        11.912(R)|      SLOW  |         4.868(R)|      FAST  |CLK_BUFGP         |   0.000|
ID<6>       |        12.033(R)|      SLOW  |         5.069(R)|      FAST  |CLK_BUFGP         |   0.000|
ID<7>       |        12.378(R)|      SLOW  |         5.283(R)|      FAST  |CLK_BUFGP         |   0.000|
ID<8>       |        11.940(R)|      SLOW  |         5.048(R)|      FAST  |CLK_BUFGP         |   0.000|
ID<9>       |        12.656(R)|      SLOW  |         5.036(R)|      FAST  |CLK_BUFGP         |   0.000|
ID<10>      |        12.011(R)|      SLOW  |         4.987(R)|      FAST  |CLK_BUFGP         |   0.000|
ID<11>      |        11.448(R)|      SLOW  |         5.149(R)|      FAST  |CLK_BUFGP         |   0.000|
ID<12>      |        11.593(R)|      SLOW  |         5.166(R)|      FAST  |CLK_BUFGP         |   0.000|
ID<13>      |        11.814(R)|      SLOW  |         5.284(R)|      FAST  |CLK_BUFGP         |   0.000|
ID<14>      |        11.672(R)|      SLOW  |         5.195(R)|      FAST  |CLK_BUFGP         |   0.000|
ID<15>      |        13.162(R)|      SLOW  |         6.177(R)|      FAST  |CLK_BUFGP         |   0.000|
ID<16>      |        13.303(R)|      SLOW  |         6.326(R)|      FAST  |CLK_BUFGP         |   0.000|
ID<17>      |        13.424(R)|      SLOW  |         6.277(R)|      FAST  |CLK_BUFGP         |   0.000|
ID<18>      |        13.623(R)|      SLOW  |         6.173(R)|      FAST  |CLK_BUFGP         |   0.000|
ID<19>      |        13.455(R)|      SLOW  |         6.170(R)|      FAST  |CLK_BUFGP         |   0.000|
ID<20>      |        13.932(R)|      SLOW  |         6.420(R)|      FAST  |CLK_BUFGP         |   0.000|
ID<21>      |        12.027(R)|      SLOW  |         5.428(R)|      FAST  |CLK_BUFGP         |   0.000|
ID<22>      |        12.208(R)|      SLOW  |         5.649(R)|      FAST  |CLK_BUFGP         |   0.000|
ID<23>      |        12.424(R)|      SLOW  |         5.740(R)|      FAST  |CLK_BUFGP         |   0.000|
ID<24>      |        13.233(R)|      SLOW  |         5.806(R)|      FAST  |CLK_BUFGP         |   0.000|
ID<25>      |        13.353(R)|      SLOW  |         5.784(R)|      FAST  |CLK_BUFGP         |   0.000|
ID<26>      |        13.292(R)|      SLOW  |         5.947(R)|      FAST  |CLK_BUFGP         |   0.000|
ID<27>      |        13.482(R)|      SLOW  |         6.219(R)|      FAST  |CLK_BUFGP         |   0.000|
ID<28>      |        18.296(R)|      SLOW  |         9.277(R)|      FAST  |CLK_BUFGP         |   0.000|
ID<29>      |        17.880(R)|      SLOW  |         8.870(R)|      FAST  |CLK_BUFGP         |   0.000|
ID<30>      |        15.856(R)|      SLOW  |         7.637(R)|      FAST  |CLK_BUFGP         |   0.000|
ID<31>      |        15.738(R)|      SLOW  |         7.571(R)|      FAST  |CLK_BUFGP         |   0.000|
MA<0>       |        22.900(R)|      SLOW  |         5.875(R)|      FAST  |CLK_BUFGP         |   0.000|
MA<1>       |        23.542(R)|      SLOW  |         6.512(R)|      FAST  |CLK_BUFGP         |   0.000|
MA<2>       |        24.704(R)|      SLOW  |         8.893(R)|      FAST  |CLK_BUFGP         |   0.000|
MA<3>       |        22.800(R)|      SLOW  |         7.613(R)|      FAST  |CLK_BUFGP         |   0.000|
MA<4>       |        24.805(R)|      SLOW  |         8.417(R)|      FAST  |CLK_BUFGP         |   0.000|
MA<5>       |        23.485(R)|      SLOW  |         7.328(R)|      FAST  |CLK_BUFGP         |   0.000|
MA<6>       |        24.139(R)|      SLOW  |         8.388(R)|      FAST  |CLK_BUFGP         |   0.000|
MA<7>       |        24.458(R)|      SLOW  |         8.210(R)|      FAST  |CLK_BUFGP         |   0.000|
MA<8>       |        25.646(R)|      SLOW  |         8.206(R)|      FAST  |CLK_BUFGP         |   0.000|
MA<9>       |        23.385(R)|      SLOW  |         7.556(R)|      FAST  |CLK_BUFGP         |   0.000|
MA<10>      |        23.755(R)|      SLOW  |         7.131(R)|      FAST  |CLK_BUFGP         |   0.000|
MA<11>      |        24.151(R)|      SLOW  |         6.802(R)|      FAST  |CLK_BUFGP         |   0.000|
MA<12>      |        23.787(R)|      SLOW  |         6.248(R)|      FAST  |CLK_BUFGP         |   0.000|
MA<13>      |        24.037(R)|      SLOW  |         6.367(R)|      FAST  |CLK_BUFGP         |   0.000|
MA<14>      |        25.848(R)|      SLOW  |         6.360(R)|      FAST  |CLK_BUFGP         |   0.000|
MA<15>      |        23.237(R)|      SLOW  |         6.234(R)|      FAST  |CLK_BUFGP         |   0.000|
MA<16>      |        25.034(R)|      SLOW  |         7.275(R)|      FAST  |CLK_BUFGP         |   0.000|
MA<17>      |        24.542(R)|      SLOW  |         7.254(R)|      FAST  |CLK_BUFGP         |   0.000|
MA<18>      |        24.635(R)|      SLOW  |         7.315(R)|      FAST  |CLK_BUFGP         |   0.000|
MA<19>      |        23.980(R)|      SLOW  |         7.254(R)|      FAST  |CLK_BUFGP         |   0.000|
MA<20>      |        24.755(R)|      SLOW  |         7.584(R)|      FAST  |CLK_BUFGP         |   0.000|
MA<21>      |        24.910(R)|      SLOW  |         6.939(R)|      FAST  |CLK_BUFGP         |   0.000|
MA<22>      |        25.065(R)|      SLOW  |         7.481(R)|      FAST  |CLK_BUFGP         |   0.000|
MA<23>      |        24.591(R)|      SLOW  |         7.385(R)|      FAST  |CLK_BUFGP         |   0.000|
MA<24>      |        24.027(R)|      SLOW  |         7.442(R)|      FAST  |CLK_BUFGP         |   0.000|
MA<25>      |        25.275(R)|      SLOW  |         8.000(R)|      FAST  |CLK_BUFGP         |   0.000|
MA<26>      |        25.060(R)|      SLOW  |         7.567(R)|      FAST  |CLK_BUFGP         |   0.000|
MA<27>      |        25.358(R)|      SLOW  |         7.902(R)|      FAST  |CLK_BUFGP         |   0.000|
MA<28>      |        24.501(R)|      SLOW  |         7.272(R)|      FAST  |CLK_BUFGP         |   0.000|
MA<29>      |        25.983(R)|      SLOW  |         7.393(R)|      FAST  |CLK_BUFGP         |   0.000|
MA<30>      |        26.158(R)|      SLOW  |         7.612(R)|      FAST  |CLK_BUFGP         |   0.000|
MA<31>      |        26.728(R)|      SLOW  |         8.011(R)|      FAST  |CLK_BUFGP         |   0.000|
MOE         |        16.731(R)|      SLOW  |         7.496(R)|      FAST  |CLK_BUFGP         |   0.000|
MRD<0>      |        28.413(R)|      SLOW  |         6.448(R)|      FAST  |CLK_BUFGP         |   0.000|
MRD<1>      |        29.038(R)|      SLOW  |         6.726(R)|      FAST  |CLK_BUFGP         |   0.000|
MRD<2>      |        28.209(R)|      SLOW  |         6.357(R)|      FAST  |CLK_BUFGP         |   0.000|
MRD<3>      |        27.344(R)|      SLOW  |         5.696(R)|      FAST  |CLK_BUFGP         |   0.000|
MRD<4>      |        26.970(R)|      SLOW  |         5.472(R)|      FAST  |CLK_BUFGP         |   0.000|
MRD<5>      |        27.237(R)|      SLOW  |         5.486(R)|      FAST  |CLK_BUFGP         |   0.000|
MRD<6>      |        26.012(R)|      SLOW  |         4.802(R)|      FAST  |CLK_BUFGP         |   0.000|
MRD<7>      |        26.056(R)|      SLOW  |         4.845(R)|      FAST  |CLK_BUFGP         |   0.000|
MRD<8>      |        25.608(R)|      SLOW  |         4.652(R)|      FAST  |CLK_BUFGP         |   0.000|
MRD<9>      |        27.137(R)|      SLOW  |         5.435(R)|      FAST  |CLK_BUFGP         |   0.000|
MRD<10>     |        26.643(R)|      SLOW  |         5.337(R)|      FAST  |CLK_BUFGP         |   0.000|
MRD<11>     |        26.418(R)|      SLOW  |         5.076(R)|      FAST  |CLK_BUFGP         |   0.000|
MRD<12>     |        26.764(R)|      SLOW  |         5.368(R)|      FAST  |CLK_BUFGP         |   0.000|
MRD<13>     |        26.727(R)|      SLOW  |         5.359(R)|      FAST  |CLK_BUFGP         |   0.000|
MRD<14>     |        26.690(R)|      SLOW  |         5.298(R)|      FAST  |CLK_BUFGP         |   0.000|
MRD<15>     |        25.898(R)|      SLOW  |         4.877(R)|      FAST  |CLK_BUFGP         |   0.000|
MRD<16>     |        26.234(R)|      SLOW  |         4.980(R)|      FAST  |CLK_BUFGP         |   0.000|
MRD<17>     |        25.736(R)|      SLOW  |         5.133(R)|      FAST  |CLK_BUFGP         |   0.000|
MRD<18>     |        26.735(R)|      SLOW  |         5.343(R)|      FAST  |CLK_BUFGP         |   0.000|
MRD<19>     |        26.978(R)|      SLOW  |         5.532(R)|      FAST  |CLK_BUFGP         |   0.000|
MRD<20>     |        26.657(R)|      SLOW  |         5.539(R)|      FAST  |CLK_BUFGP         |   0.000|
MRD<21>     |        27.685(R)|      SLOW  |         6.014(R)|      FAST  |CLK_BUFGP         |   0.000|
MRD<22>     |        28.576(R)|      SLOW  |         6.256(R)|      FAST  |CLK_BUFGP         |   0.000|
MRD<23>     |        27.870(R)|      SLOW  |         6.190(R)|      FAST  |CLK_BUFGP         |   0.000|
MRD<24>     |        26.241(R)|      SLOW  |         5.401(R)|      FAST  |CLK_BUFGP         |   0.000|
MRD<25>     |        26.153(R)|      SLOW  |         5.103(R)|      FAST  |CLK_BUFGP         |   0.000|
MRD<26>     |        26.311(R)|      SLOW  |         5.169(R)|      FAST  |CLK_BUFGP         |   0.000|
MRD<27>     |        26.273(R)|      SLOW  |         5.430(R)|      FAST  |CLK_BUFGP         |   0.000|
MRD<28>     |        26.606(R)|      SLOW  |         5.693(R)|      FAST  |CLK_BUFGP         |   0.000|
MRD<29>     |        26.170(R)|      SLOW  |         5.351(R)|      FAST  |CLK_BUFGP         |   0.000|
MRD<30>     |        25.388(R)|      SLOW  |         4.541(R)|      FAST  |CLK_BUFGP         |   0.000|
MRD<31>     |        25.693(R)|      SLOW  |         4.677(R)|      FAST  |CLK_BUFGP         |   0.000|
MWD<0>      |        20.586(R)|      SLOW  |         8.155(R)|      FAST  |CLK_BUFGP         |   0.000|
MWD<1>      |        17.465(R)|      SLOW  |         6.301(R)|      FAST  |CLK_BUFGP         |   0.000|
MWD<2>      |        20.583(R)|      SLOW  |         8.049(R)|      FAST  |CLK_BUFGP         |   0.000|
MWD<3>      |        17.703(R)|      SLOW  |         6.075(R)|      FAST  |CLK_BUFGP         |   0.000|
MWD<4>      |        19.717(R)|      SLOW  |         7.498(R)|      FAST  |CLK_BUFGP         |   0.000|
MWD<5>      |        17.307(R)|      SLOW  |         5.941(R)|      FAST  |CLK_BUFGP         |   0.000|
MWD<6>      |        17.223(R)|      SLOW  |         5.606(R)|      FAST  |CLK_BUFGP         |   0.000|
MWD<7>      |        17.225(R)|      SLOW  |         5.653(R)|      FAST  |CLK_BUFGP         |   0.000|
MWD<8>      |        18.679(R)|      SLOW  |         6.519(R)|      FAST  |CLK_BUFGP         |   0.000|
MWD<9>      |        17.831(R)|      SLOW  |         5.980(R)|      FAST  |CLK_BUFGP         |   0.000|
MWD<10>     |        17.449(R)|      SLOW  |         5.565(R)|      FAST  |CLK_BUFGP         |   0.000|
MWD<11>     |        18.271(R)|      SLOW  |         5.885(R)|      FAST  |CLK_BUFGP         |   0.000|
MWD<12>     |        18.690(R)|      SLOW  |         6.330(R)|      FAST  |CLK_BUFGP         |   0.000|
MWD<13>     |        20.022(R)|      SLOW  |         7.206(R)|      FAST  |CLK_BUFGP         |   0.000|
MWD<14>     |        20.262(R)|      SLOW  |         6.961(R)|      FAST  |CLK_BUFGP         |   0.000|
MWD<15>     |        19.186(R)|      SLOW  |         6.685(R)|      FAST  |CLK_BUFGP         |   0.000|
MWD<16>     |        20.458(R)|      SLOW  |         7.375(R)|      FAST  |CLK_BUFGP         |   0.000|
MWD<17>     |        19.893(R)|      SLOW  |         7.106(R)|      FAST  |CLK_BUFGP         |   0.000|
MWD<18>     |        19.529(R)|      SLOW  |         6.369(R)|      FAST  |CLK_BUFGP         |   0.000|
MWD<19>     |        19.939(R)|      SLOW  |         6.937(R)|      FAST  |CLK_BUFGP         |   0.000|
MWD<20>     |        19.866(R)|      SLOW  |         6.957(R)|      FAST  |CLK_BUFGP         |   0.000|
MWD<21>     |        20.151(R)|      SLOW  |         7.446(R)|      FAST  |CLK_BUFGP         |   0.000|
MWD<22>     |        20.007(R)|      SLOW  |         6.769(R)|      FAST  |CLK_BUFGP         |   0.000|
MWD<23>     |        17.012(R)|      SLOW  |         5.285(R)|      FAST  |CLK_BUFGP         |   0.000|
MWD<24>     |        18.858(R)|      SLOW  |         6.676(R)|      FAST  |CLK_BUFGP         |   0.000|
MWD<25>     |        18.498(R)|      SLOW  |         6.112(R)|      FAST  |CLK_BUFGP         |   0.000|
MWD<26>     |        18.918(R)|      SLOW  |         6.694(R)|      FAST  |CLK_BUFGP         |   0.000|
MWD<27>     |        17.728(R)|      SLOW  |         5.316(R)|      FAST  |CLK_BUFGP         |   0.000|
MWD<28>     |        16.886(R)|      SLOW  |         5.463(R)|      FAST  |CLK_BUFGP         |   0.000|
MWD<29>     |        19.306(R)|      SLOW  |         6.647(R)|      FAST  |CLK_BUFGP         |   0.000|
MWD<30>     |        18.187(R)|      SLOW  |         6.482(R)|      FAST  |CLK_BUFGP         |   0.000|
MWD<31>     |        17.863(R)|      SLOW  |         5.735(R)|      FAST  |CLK_BUFGP         |   0.000|
MWR         |        17.868(R)|      SLOW  |         6.424(R)|      FAST  |CLK_BUFGP         |   0.000|
------------+-----------------+------------+-----------------+------------+------------------+--------+

Clock to Setup on destination clock CLK
---------------+---------+---------+---------+---------+
               | Src:Rise| Src:Fall| Src:Rise| Src:Fall|
Source Clock   |Dest:Rise|Dest:Rise|Dest:Fall|Dest:Fall|
---------------+---------+---------+---------+---------+
CLK            |   23.118|         |         |         |
---------------+---------+---------+---------+---------+

Pad to Pad
---------------+---------------+---------+
Source Pad     |Destination Pad|  Delay  |
---------------+---------------+---------+
IRQ            |MWR            |   13.675|
RESET          |MWR            |   11.585|
---------------+---------------+---------+


Analysis completed Fri Feb 08 20:44:55 2019 
--------------------------------------------------------------------------------

Trace Settings:
-------------------------
Trace Settings 

Peak Memory Usage: 4688 MB



