--------------------------------------------------------------------------------
Release 14.2 Trace  (nt64)
Copyright (c) 1995-2012 Xilinx, Inc.  All rights reserved.

C:\Xilinx\14.2\ISE_DS\ISE\bin\nt64\unwrapped\trce.exe -filter
C:/Users/HRUSHIKESH/Desktop/EPD2/V3.1/BETA_PROCESSOR_V2/iseconfig/filter.filter
-intstyle ise -v 3 -s 3 -n 3 -fastpaths -xml Beta_MEM.twx Beta_MEM.ncd -o
Beta_MEM.twr Beta_MEM.pcf

Design file:              Beta_MEM.ncd
Physical constraint file: Beta_MEM.pcf
Device,package,speed:     xc6slx45,fgg484,C,-3 (PRODUCTION 1.22 2012-07-09)
Report level:             verbose report

Environment Variable      Effect 
--------------------      ------ 
NONE                      No environment variables were set
--------------------------------------------------------------------------------

INFO:Timing:2698 - No timing constraints found, doing default enumeration.
INFO:Timing:3412 - To improve timing, see the Timing Closure User Guide (UG612).
INFO:Timing:2752 - To get complete path coverage, use the unconstrained paths 
   option. All paths that are not constrained will be reported in the 
   unconstrained paths section(s) of the report.
INFO:Timing:3339 - The clock-to-out numbers in this timing report are based on 
   a 50 Ohm transmission line loading model.  For the details of this model, 
   and for more information on accounting for different loading conditions, 
   please see the device datasheet.



Data Sheet report:
-----------------
All values displayed in nanoseconds (ns)

Setup/Hold to clock clk
------------+------------+------------+------------+------------+------------------+--------+
            |Max Setup to|  Process   |Max Hold to |  Process   |                  | Clock  |
Source      | clk (edge) |   Corner   | clk (edge) |   Corner   |Internal Clock(s) | Phase  |
------------+------------+------------+------------+------------+------------------+--------+
RESET       |    3.221(R)|      SLOW  |    0.132(R)|      SLOW  |clk_BUFGP         |   0.000|
------------+------------+------------+------------+------------+------------------+--------+

Clock clk to Pad
------------+-----------------+------------+-----------------+------------+------------------+--------+
            |Max (slowest) clk|  Process   |Min (fastest) clk|  Process   |                  | Clock  |
Destination |  (edge) to PAD  |   Corner   |  (edge) to PAD  |   Corner   |Internal Clock(s) | Phase  |
------------+-----------------+------------+-----------------+------------+------------------+--------+
IAdr<0>     |         8.482(R)|      SLOW  |         4.585(R)|      FAST  |clk_BUFGP         |   0.000|
IAdr<1>     |         8.631(R)|      SLOW  |         4.707(R)|      FAST  |clk_BUFGP         |   0.000|
IAdr<2>     |         8.688(R)|      SLOW  |         4.789(R)|      FAST  |clk_BUFGP         |   0.000|
IAdr<3>     |         8.693(R)|      SLOW  |         4.810(R)|      FAST  |clk_BUFGP         |   0.000|
IAdr<4>     |         8.648(R)|      SLOW  |         4.711(R)|      FAST  |clk_BUFGP         |   0.000|
IAdr<5>     |         8.304(R)|      SLOW  |         4.503(R)|      FAST  |clk_BUFGP         |   0.000|
IAdr<6>     |         8.365(R)|      SLOW  |         4.542(R)|      FAST  |clk_BUFGP         |   0.000|
IAdr<7>     |         8.496(R)|      SLOW  |         4.627(R)|      FAST  |clk_BUFGP         |   0.000|
IAdr<8>     |         8.496(R)|      SLOW  |         4.594(R)|      FAST  |clk_BUFGP         |   0.000|
IAdr<9>     |         8.282(R)|      SLOW  |         4.456(R)|      FAST  |clk_BUFGP         |   0.000|
IAdr<10>    |         8.062(R)|      SLOW  |         4.346(R)|      FAST  |clk_BUFGP         |   0.000|
IAdr<11>    |         8.090(R)|      SLOW  |         4.374(R)|      FAST  |clk_BUFGP         |   0.000|
IAdr<12>    |         8.393(R)|      SLOW  |         4.589(R)|      FAST  |clk_BUFGP         |   0.000|
IAdr<13>    |         8.798(R)|      SLOW  |         4.882(R)|      FAST  |clk_BUFGP         |   0.000|
IAdr<14>    |         8.118(R)|      SLOW  |         4.372(R)|      FAST  |clk_BUFGP         |   0.000|
IAdr<15>    |         8.052(R)|      SLOW  |         4.370(R)|      FAST  |clk_BUFGP         |   0.000|
IAdr<16>    |         8.121(R)|      SLOW  |         4.383(R)|      FAST  |clk_BUFGP         |   0.000|
IAdr<17>    |         8.343(R)|      SLOW  |         4.502(R)|      FAST  |clk_BUFGP         |   0.000|
IAdr<18>    |         8.136(R)|      SLOW  |         4.395(R)|      FAST  |clk_BUFGP         |   0.000|
IAdr<19>    |         7.967(R)|      SLOW  |         4.308(R)|      FAST  |clk_BUFGP         |   0.000|
IAdr<20>    |         7.866(R)|      SLOW  |         4.232(R)|      FAST  |clk_BUFGP         |   0.000|
IAdr<21>    |         7.715(R)|      SLOW  |         4.140(R)|      FAST  |clk_BUFGP         |   0.000|
IAdr<22>    |         7.979(R)|      SLOW  |         4.302(R)|      FAST  |clk_BUFGP         |   0.000|
IAdr<23>    |         8.192(R)|      SLOW  |         4.457(R)|      FAST  |clk_BUFGP         |   0.000|
IAdr<24>    |         8.221(R)|      SLOW  |         4.473(R)|      FAST  |clk_BUFGP         |   0.000|
IAdr<25>    |         8.270(R)|      SLOW  |         4.542(R)|      FAST  |clk_BUFGP         |   0.000|
IAdr<26>    |         8.224(R)|      SLOW  |         4.483(R)|      FAST  |clk_BUFGP         |   0.000|
IAdr<27>    |         8.162(R)|      SLOW  |         4.426(R)|      FAST  |clk_BUFGP         |   0.000|
IAdr<28>    |         8.241(R)|      SLOW  |         4.520(R)|      FAST  |clk_BUFGP         |   0.000|
IAdr<29>    |         8.241(R)|      SLOW  |         4.520(R)|      FAST  |clk_BUFGP         |   0.000|
IAdr<30>    |         8.244(R)|      SLOW  |         4.457(R)|      FAST  |clk_BUFGP         |   0.000|
IAdr<31>    |         8.610(R)|      SLOW  |         4.714(R)|      FAST  |clk_BUFGP         |   0.000|
MOE         |        11.693(R)|      SLOW  |         5.434(R)|      FAST  |clk_BUFGP         |   0.000|
WD<0>       |        14.461(R)|      SLOW  |         5.469(R)|      FAST  |clk_BUFGP         |   0.000|
WD<1>       |        13.527(R)|      SLOW  |         4.867(R)|      FAST  |clk_BUFGP         |   0.000|
WD<2>       |        14.020(R)|      SLOW  |         5.078(R)|      FAST  |clk_BUFGP         |   0.000|
WD<3>       |        14.099(R)|      SLOW  |         5.133(R)|      FAST  |clk_BUFGP         |   0.000|
WD<4>       |        14.293(R)|      SLOW  |         5.146(R)|      FAST  |clk_BUFGP         |   0.000|
WD<5>       |        14.206(R)|      SLOW  |         5.083(R)|      FAST  |clk_BUFGP         |   0.000|
WD<6>       |        13.910(R)|      SLOW  |         5.002(R)|      FAST  |clk_BUFGP         |   0.000|
WD<7>       |        13.678(R)|      SLOW  |         4.851(R)|      FAST  |clk_BUFGP         |   0.000|
WD<8>       |        14.364(R)|      SLOW  |         5.524(R)|      FAST  |clk_BUFGP         |   0.000|
WD<9>       |        13.566(R)|      SLOW  |         5.056(R)|      FAST  |clk_BUFGP         |   0.000|
WD<10>      |        14.813(R)|      SLOW  |         5.539(R)|      FAST  |clk_BUFGP         |   0.000|
WD<11>      |        14.502(R)|      SLOW  |         5.329(R)|      FAST  |clk_BUFGP         |   0.000|
WD<12>      |        13.763(R)|      SLOW  |         5.246(R)|      FAST  |clk_BUFGP         |   0.000|
WD<13>      |        13.454(R)|      SLOW  |         5.036(R)|      FAST  |clk_BUFGP         |   0.000|
WD<14>      |        14.019(R)|      SLOW  |         5.397(R)|      FAST  |clk_BUFGP         |   0.000|
WD<15>      |        13.690(R)|      SLOW  |         5.169(R)|      FAST  |clk_BUFGP         |   0.000|
WD<16>      |        13.806(R)|      SLOW  |         5.228(R)|      FAST  |clk_BUFGP         |   0.000|
WD<17>      |        13.765(R)|      SLOW  |         5.202(R)|      FAST  |clk_BUFGP         |   0.000|
WD<18>      |        13.629(R)|      SLOW  |         4.937(R)|      FAST  |clk_BUFGP         |   0.000|
WD<19>      |        14.097(R)|      SLOW  |         5.309(R)|      FAST  |clk_BUFGP         |   0.000|
WD<20>      |        13.881(R)|      SLOW  |         5.159(R)|      FAST  |clk_BUFGP         |   0.000|
WD<21>      |        13.670(R)|      SLOW  |         5.049(R)|      FAST  |clk_BUFGP         |   0.000|
WD<22>      |        13.635(R)|      SLOW  |         4.759(R)|      FAST  |clk_BUFGP         |   0.000|
WD<23>      |        13.748(R)|      SLOW  |         4.847(R)|      FAST  |clk_BUFGP         |   0.000|
WD<24>      |        13.983(R)|      SLOW  |         5.148(R)|      FAST  |clk_BUFGP         |   0.000|
WD<25>      |        13.734(R)|      SLOW  |         5.031(R)|      FAST  |clk_BUFGP         |   0.000|
WD<26>      |        13.583(R)|      SLOW  |         4.896(R)|      FAST  |clk_BUFGP         |   0.000|
WD<27>      |        13.193(R)|      SLOW  |         4.690(R)|      FAST  |clk_BUFGP         |   0.000|
WD<28>      |        15.031(R)|      SLOW  |         5.467(R)|      FAST  |clk_BUFGP         |   0.000|
WD<29>      |        15.234(R)|      SLOW  |         5.660(R)|      FAST  |clk_BUFGP         |   0.000|
WD<30>      |        14.698(R)|      SLOW  |         5.549(R)|      FAST  |clk_BUFGP         |   0.000|
WD<31>      |        15.152(R)|      SLOW  |         5.818(R)|      FAST  |clk_BUFGP         |   0.000|
------------+-----------------+------------+-----------------+------------+------------------+--------+

Clock to Setup on destination clock IRQ
---------------+---------+---------+---------+---------+
               | Src:Rise| Src:Fall| Src:Rise| Src:Fall|
Source Clock   |Dest:Rise|Dest:Rise|Dest:Fall|Dest:Fall|
---------------+---------+---------+---------+---------+
IRQ            |         |         |   -1.321|   -1.321|
clk            |         |         |    0.103|         |
---------------+---------+---------+---------+---------+

Clock to Setup on destination clock clk
---------------+---------+---------+---------+---------+
               | Src:Rise| Src:Fall| Src:Rise| Src:Fall|
Source Clock   |Dest:Rise|Dest:Rise|Dest:Fall|Dest:Fall|
---------------+---------+---------+---------+---------+
IRQ            |    3.850|   10.307|         |         |
clk            |    9.735|         |         |         |
---------------+---------+---------+---------+---------+


Analysis completed Wed Jan 23 14:17:17 2019 
--------------------------------------------------------------------------------

Trace Settings:
-------------------------
Trace Settings 

Peak Memory Usage: 4684 MB



